// Jest Snapshot v1, https://goo.gl/fbAQLP

exports[`should render edit expense page 1`] = `
<div>
  <ExpenseForm
    expense={
      Object {
        "amount": 195,
        "created": 0,
        "description": "gum",
        "id": "1",
        "note": "gum note",
      }
    }
    onSubmit={[Function]}
  />
  <button
    onClick={[Function]}
  >
    Remove
  </button>
</div>
`;
