// Jest Snapshot v1, https://goo.gl/fbAQLP

exports[`should render header 1`] = `
<header>
  <h1>
    Expensify
  </h1>
  <p>
    <NavLink
      activeClassName="is-active"
      ariaCurrent="true"
      exact={true}
      to="/dashboard"
    >
      Dashboard
    </NavLink>
  </p>
  <p>
    <NavLink
      activeClassName="is-active"
      ariaCurrent="true"
      to="/create"
    >
      Create Expense
    </NavLink>
  </p>
  <p>
    <button
      onClick={[Function]}
    >
      Logout
    </button>
  </p>
</header>
`;
